// Vitest Snapshot v1, https://vitest.dev/guide/snapshot.html

exports[`generate > matches the pinned snapshot 1`] = `
{
  "denizens": {
    "attitude": {
      "columns": [
        "Virtues",
        "Vices",
      ],
      "left": {
        "id": "denizens.attitude.left",
        "value": "Suave",
      },
      "right": {
        "id": "denizens.attitude.right",
        "value": "Greedy",
      },
    },
    "standoutNPC": {
      "columns": [
        "Virtues",
        "Vices",
      ],
      "left": {
        "id": "denizens.standoutNPC.left",
        "value": "Deductive",
      },
      "right": {
        "id": "denizens.standoutNPC.right",
        "value": "Aloof",
      },
    },
  },
  "factions": [
    {
      "agenda": {
        "columns": [
          "Goal",
          "Obstacle",
        ],
        "left": {
          "id": "faction.0.agenda.left",
          "value": "Protection",
        },
        "right": {
          "id": "faction.0.agenda.right",
          "value": "Incompetence",
        },
      },
    },
    {
      "agenda": {
        "columns": [
          "Goal",
          "Obstacle",
        ],
        "left": {
          "id": "faction.1.agenda.left",
          "value": "Innovation",
        },
        "right": {
          "id": "faction.1.agenda.right",
          "value": "Ignorance",
        },
      },
    },
  ],
  "history": {
    "construction": {
      "columns": [
        "Entrance",
        "Composition",
      ],
      "left": {
        "id": "history.construction.left",
        "value": "Starlight Path",
      },
      "right": {
        "id": "history.construction.right",
        "value": "Earth",
      },
    },
    "purpose": {
      "columns": [
        "Original Use",
        "Built By",
      ],
      "left": {
        "id": "history.purpose.left",
        "value": "Bestial Creations",
      },
      "right": {
        "id": "history.purpose.right",
        "value": "A Secret Society",
      },
    },
    "ruination": {
      "columns": [
        "Condition",
        "Cause",
      ],
      "left": {
        "id": "history.ruination.left",
        "value": "Displaced",
      },
      "right": {
        "id": "history.ruination.right",
        "value": "Disease",
      },
    },
  },
  "rooms": [
    {
      "id": 1,
      "roll": {
        "columns": [
          "Group",
          "Activity",
        ],
        "left": {
          "id": "room.1.left",
          "value": "Plant",
        },
        "right": {
          "id": "room.1.right",
          "value": "Praying",
        },
      },
      "type": "Monster",
    },
    {
      "id": 2,
      "roll": {
        "columns": [
          "Room Type",
          "Clue",
        ],
        "left": {
          "id": "room.2.left",
          "value": "Barracks",
        },
        "right": {
          "id": "room.2.right",
          "value": "Draft",
        },
      },
      "type": "Lore",
    },
    {
      "id": 3,
      "roll": {
        "columns": [
          "Room Type",
          "Clue",
        ],
        "left": {
          "id": "room.3.left",
          "value": "Dining Hall",
        },
        "right": {
          "id": "room.3.right",
          "value": "Leavings",
        },
      },
      "type": "Lore",
    },
    {
      "id": 4,
      "roll": {
        "columns": [
          "Room Type",
          "Clue",
        ],
        "left": {
          "id": "room.4.left",
          "value": "Dining Hall",
        },
        "right": {
          "id": "room.4.right",
          "value": "Draft",
        },
      },
      "type": "Lore",
    },
    {
      "id": 5,
      "roll": {
        "columns": [
          "Room Type",
          "Clue",
        ],
        "left": {
          "id": "room.5.left",
          "value": "Latrine",
        },
        "right": {
          "id": "room.5.right",
          "value": "Footprints",
        },
      },
      "type": "Lore",
    },
    {
      "id": 6,
      "roll": {
        "columns": [
          "Group",
          "Activity",
        ],
        "left": {
          "id": "room.6.left",
          "value": "Extraplanar",
        },
        "right": {
          "id": "room.6.right",
          "value": "Growing",
        },
      },
      "type": "Monster",
    },
    {
      "id": 7,
      "roll": {
        "columns": [
          "Trap",
          "Trigger",
        ],
        "left": {
          "id": "room.7.left",
          "value": "Confuses",
        },
        "right": {
          "id": "room.7.right",
          "value": "Reading",
        },
      },
      "type": "Trap",
    },
    {
      "id": 8,
      "roll": {
        "columns": [
          "Room Type",
          "Clue",
        ],
        "left": {
          "id": "room.8.left",
          "value": "Shrine",
        },
        "right": {
          "id": "room.8.right",
          "value": "Paraphernalia",
        },
      },
      "type": "Lore",
    },
    {
      "id": 9,
      "roll": {
        "columns": [
          "Room Type",
          "Clue",
        ],
        "left": {
          "id": "room.9.left",
          "value": "Vault",
        },
        "right": {
          "id": "room.9.right",
          "value": "Noise",
        },
      },
      "type": "Lore",
    },
    {
      "id": 10,
      "roll": {
        "columns": [
          "Group",
          "Activity",
        ],
        "left": {
          "id": "room.10.left",
          "value": "Shape Shifter",
        },
        "right": {
          "id": "room.10.right",
          "value": "Sleeping",
        },
      },
      "type": "Monster",
    },
    {
      "id": 11,
      "roll": {
        "columns": [
          "Group",
          "Activity",
        ],
        "left": {
          "id": "room.11.left",
          "value": "Construct",
        },
        "right": {
          "id": "room.11.right",
          "value": "Recuperating",
        },
      },
      "type": "Monster",
    },
  ],
  "seed": "test-seed",
}
`;
