// Vitest Snapshot v1, https://vitest.dev/guide/snapshot.html

exports[`generate > matches the pinned snapshot 1`] = `
{
  "denizens": {
    "attitude": {
      "cells": [
        {
          "id": "denizens.attitude.col.0",
          "value": "Unwavering",
        },
        {
          "id": "denizens.attitude.col.1",
          "value": "Skeptical",
        },
      ],
      "columns": [
        "Virtues",
        "Vices",
      ],
    },
    "standoutNPC": {
      "cells": [
        {
          "id": "denizens.standoutNPC.col.0",
          "value": "Incorruptible",
        },
        {
          "id": "denizens.standoutNPC.col.1",
          "value": "Greedy",
        },
      ],
      "columns": [
        "Virtues",
        "Vices",
      ],
    },
  },
  "factions": [
    {
      "agenda": {
        "cells": [
          {
            "id": "faction.0.agenda.col.0",
            "value": "Destruction",
          },
          {
            "id": "faction.0.agenda.col.1",
            "value": "Incompetence",
          },
        ],
        "columns": [
          "Goal",
          "Obstacle",
        ],
      },
      "group": {
        "id": "faction.0.group",
        "value": "Humanfolk",
      },
      "strength": 1,
    },
    {
      "agenda": {
        "cells": [
          {
            "id": "faction.1.agenda.col.0",
            "value": "Preservation",
          },
          {
            "id": "faction.1.agenda.col.1",
            "value": "Stagnation",
          },
        ],
        "columns": [
          "Goal",
          "Obstacle",
        ],
      },
      "group": {
        "id": "faction.1.group",
        "value": "Viper",
      },
      "strength": 1,
    },
  ],
  "history": {
    "construction": {
      "cells": [
        {
          "id": "history.construction.col.0",
          "value": "Skyward Beam of Light",
        },
        {
          "id": "history.construction.col.1",
          "value": "Coral",
        },
      ],
      "columns": [
        "Entrance",
        "Composition",
      ],
    },
    "purpose": {
      "cells": [
        {
          "id": "history.purpose.col.0",
          "value": "Celestial Observations",
        },
        {
          "id": "history.purpose.col.1",
          "value": "Immoral Sorcerers",
        },
      ],
      "columns": [
        "Original Use",
        "Built By",
      ],
    },
    "ruination": {
      "cells": [
        {
          "id": "history.ruination.col.0",
          "value": "Overpopulated",
        },
        {
          "id": "history.ruination.col.1",
          "value": "Obfuscation",
        },
      ],
      "columns": [
        "Condition",
        "Cause",
      ],
    },
  },
  "map": {
    "edges": [
      {
        "a": 5,
        "b": 9,
        "type": "standard",
      },
      {
        "a": 6,
        "b": 11,
        "type": "standard",
      },
      {
        "a": 1,
        "b": 5,
        "type": "standard",
      },
      {
        "a": 7,
        "b": 8,
        "type": "standard",
      },
      {
        "a": 2,
        "b": 10,
        "type": "standard",
      },
      {
        "a": 3,
        "b": 6,
        "type": "standard",
      },
      {
        "a": 1,
        "b": 3,
        "type": "standard",
      },
      {
        "a": 3,
        "b": 4,
        "type": "standard",
      },
      {
        "a": 10,
        "b": 11,
        "type": "standard",
      },
      {
        "a": 8,
        "b": 12,
        "type": "standard",
      },
      {
        "a": 8,
        "b": 10,
        "type": "standard",
      },
      {
        "a": 1,
        "b": 4,
        "type": "standard",
      },
      {
        "a": 2,
        "b": 9,
        "type": "conditional",
      },
    ],
    "entrance": 1,
    "nodes": [
      {
        "number": 1,
        "roomId": 1,
        "x": 456,
        "y": 48,
      },
      {
        "number": 8,
        "roomId": 2,
        "x": 576,
        "y": 336,
      },
      {
        "number": 2,
        "roomId": 3,
        "x": 336,
        "y": 192,
      },
      {
        "number": 3,
        "roomId": 4,
        "x": 192,
        "y": 72,
      },
      {
        "number": 4,
        "roomId": 5,
        "x": 624,
        "y": 72,
      },
      {
        "number": 5,
        "roomId": 6,
        "x": 264,
        "y": 360,
      },
      {
        "number": 11,
        "roomId": 7,
        "x": 840,
        "y": 456,
      },
      {
        "number": 10,
        "roomId": 8,
        "x": 720,
        "y": 576,
      },
      {
        "number": 6,
        "roomId": 9,
        "x": 768,
        "y": 144,
      },
      {
        "number": 9,
        "roomId": 10,
        "x": 528,
        "y": 504,
      },
      {
        "number": 7,
        "roomId": 11,
        "x": 336,
        "y": 504,
      },
      {
        "number": 12,
        "roomId": 12,
        "x": 888,
        "y": 672,
      },
    ],
  },
  "rooms": [
    {
      "details": [
        {
          "id": "room.1.detail.0",
          "value": "A discarded pack, empty",
        },
      ],
      "id": 1,
      "roll": {
        "cells": [
          {
            "id": "room.1.col.0",
            "value": "Latrine",
          },
          {
            "id": "room.1.col.1",
            "value": "Vibrations",
          },
        ],
        "columns": [
          "Room Type",
          "Clue",
        ],
      },
      "type": "Lore",
    },
    {
      "details": [
        {
          "id": "room.2.detail.0",
          "value": "A cold draught",
        },
      ],
      "id": 2,
      "roll": {
        "cells": [
          {
            "id": "room.2.col.0",
            "value": "Stable",
          },
          {
            "id": "room.2.col.1",
            "value": "Decor",
          },
        ],
        "columns": [
          "Room Type",
          "Clue",
        ],
      },
      "type": "Lore",
    },
    {
      "details": [
        {
          "id": "room.3.detail.0",
          "value": "Grey mold",
        },
      ],
      "id": 3,
      "roll": {
        "cells": [
          {
            "id": "room.3.col.0",
            "value": "Hole",
          },
          {
            "id": "room.3.col.1",
            "value": "Teleport",
          },
        ],
        "columns": [
          "Special",
          "Feature",
        ],
      },
      "type": "Special",
    },
    {
      "details": [
        {
          "id": "room.4.detail.0",
          "value": "Gnawed bones",
        },
      ],
      "family": "Humanfolk",
      "id": 4,
      "monster": {
        "id": "room.4.monster",
        "value": "Acolyte",
      },
      "occupantFaction": 0,
      "roll": {
        "cells": [
          {
            "id": "room.4.col.0",
            "value": "Devouring",
          },
        ],
        "columns": [
          "Activity",
        ],
      },
      "type": "Monster",
    },
    {
      "details": [
        {
          "id": "room.5.detail.0",
          "value": "Grey mold",
        },
      ],
      "id": 5,
      "roll": {
        "cells": [
          {
            "id": "room.5.col.0",
            "value": "Kitchen",
          },
          {
            "id": "room.5.col.1",
            "value": "Scurrying",
          },
        ],
        "columns": [
          "Room Type",
          "Clue",
        ],
      },
      "type": "Lore",
    },
    {
      "details": [
        {
          "id": "room.6.detail.0",
          "value": "A vein of ore",
        },
      ],
      "id": 6,
      "roll": {
        "cells": [
          {
            "id": "room.6.col.0",
            "value": "Smoke",
          },
          {
            "id": "room.6.col.1",
            "value": "Silences",
          },
        ],
        "columns": [
          "Special",
          "Feature",
        ],
      },
      "type": "Special",
    },
    {
      "details": [
        {
          "id": "room.7.detail.0",
          "value": "Dried pools",
        },
      ],
      "id": 7,
      "roll": {
        "cells": [
          {
            "id": "room.7.col.0",
            "value": "Curses",
          },
          {
            "id": "room.7.col.1",
            "value": "Entering",
          },
        ],
        "columns": [
          "Trap",
          "Trigger",
        ],
      },
      "type": "Trap",
    },
    {
      "details": [
        {
          "id": "room.8.detail.0",
          "value": "A colonies of pale mushrooms",
        },
      ],
      "id": 8,
      "roll": {
        "cells": [
          {
            "id": "room.8.col.0",
            "value": "Den",
          },
          {
            "id": "room.8.col.1",
            "value": "Decor",
          },
        ],
        "columns": [
          "Room Type",
          "Clue",
        ],
      },
      "type": "Lore",
    },
    {
      "details": [
        {
          "id": "room.9.detail.0",
          "value": "Shattered wooden crates",
        },
      ],
      "id": 9,
      "roll": {
        "cells": [
          {
            "id": "room.9.col.0",
            "value": "Infects",
          },
          {
            "id": "room.9.col.1",
            "value": "Activating",
          },
        ],
        "columns": [
          "Trap",
          "Trigger",
        ],
      },
      "type": "Trap",
    },
    {
      "details": [
        {
          "id": "room.10.detail.0",
          "value": "Dead vermin",
        },
      ],
      "family": "Viper",
      "id": 10,
      "monster": {
        "id": "room.10.monster",
        "value": "Viper",
      },
      "occupantFaction": 1,
      "roll": {
        "cells": [
          {
            "id": "room.10.col.0",
            "value": "Protecting",
          },
        ],
        "columns": [
          "Activity",
        ],
      },
      "type": "Monster",
    },
    {
      "details": [
        {
          "id": "room.11.detail.0",
          "value": "A shallow puddle of water",
        },
      ],
      "id": 11,
      "roll": {
        "cells": [
          {
            "id": "room.11.col.0",
            "value": "Cuts",
          },
          {
            "id": "room.11.col.1",
            "value": "Entering",
          },
        ],
        "columns": [
          "Trap",
          "Trigger",
        ],
      },
      "type": "Trap",
    },
    {
      "details": [
        {
          "id": "room.12.detail.0",
          "value": "Human bones, picked clean",
        },
      ],
      "family": "Humanfolk",
      "id": 12,
      "monster": {
        "id": "room.12.monster",
        "value": "Hooded Men",
      },
      "occupantFaction": 0,
      "roll": {
        "cells": [
          {
            "id": "room.12.col.0",
            "value": "Scheming",
          },
        ],
        "columns": [
          "Activity",
        ],
      },
      "type": "Monster",
    },
  ],
  "seed": "test-seed",
}
`;
