// Vitest Snapshot v1, https://vitest.dev/guide/snapshot.html

exports[`generate > matches the pinned snapshot 1`] = `
{
  "denizens": {
    "attitude": {
      "columns": [
        "Virtues",
        "Vices",
      ],
      "left": {
        "id": "denizens.attitude.left",
        "value": "Studious",
      },
      "right": {
        "id": "denizens.attitude.right",
        "value": "Sarcastic",
      },
    },
    "standoutNPC": {
      "columns": [
        "Virtues",
        "Vices",
      ],
      "left": {
        "id": "denizens.standoutNPC.left",
        "value": "Incisive",
      },
      "right": {
        "id": "denizens.standoutNPC.right",
        "value": "Impulsive",
      },
    },
  },
  "factions": [
    {
      "agenda": {
        "columns": [
          "Goal",
          "Obstacle",
        ],
        "left": {
          "id": "faction.0.agenda.left",
          "value": "Redemption",
        },
        "right": {
          "id": "faction.0.agenda.right",
          "value": "Sacrifice",
        },
      },
      "group": {
        "id": "faction.0.group",
        "value": "Construct",
      },
      "species": {
        "id": "faction.0.species",
        "value": "Cobblehounds",
      },
      "strength": 1,
    },
    {
      "agenda": {
        "columns": [
          "Goal",
          "Obstacle",
        ],
        "left": {
          "id": "faction.1.agenda.left",
          "value": "Wealth",
        },
        "right": {
          "id": "faction.1.agenda.right",
          "value": "Incompetence",
        },
      },
      "group": {
        "id": "faction.1.group",
        "value": "Goblinoid",
      },
      "species": {
        "id": "faction.1.species",
        "value": "Ogre",
      },
      "strength": 1,
    },
  ],
  "history": {
    "construction": {
      "columns": [
        "Entrance",
        "Composition",
      ],
      "left": {
        "id": "history.construction.left",
        "value": "An Enormous Grave",
      },
      "right": {
        "id": "history.construction.right",
        "value": "Obsidian",
      },
    },
    "purpose": {
      "columns": [
        "Original Use",
        "Built By",
      ],
      "left": {
        "id": "history.purpose.left",
        "value": "Hideout",
      },
      "right": {
        "id": "history.purpose.right",
        "value": "A Secret Society",
      },
    },
    "ruination": {
      "columns": [
        "Condition",
        "Cause",
      ],
      "left": {
        "id": "history.ruination.left",
        "value": "Devoured",
      },
      "right": {
        "id": "history.ruination.right",
        "value": "Cataclysmic Flood",
      },
    },
  },
  "map": {
    "edges": [
      {
        "a": 5,
        "b": 9,
        "type": "standard",
      },
      {
        "a": 6,
        "b": 11,
        "type": "standard",
      },
      {
        "a": 1,
        "b": 5,
        "type": "standard",
      },
      {
        "a": 7,
        "b": 8,
        "type": "standard",
      },
      {
        "a": 2,
        "b": 10,
        "type": "standard",
      },
      {
        "a": 3,
        "b": 6,
        "type": "standard",
      },
      {
        "a": 1,
        "b": 3,
        "type": "standard",
      },
      {
        "a": 3,
        "b": 4,
        "type": "standard",
      },
      {
        "a": 10,
        "b": 11,
        "type": "standard",
      },
      {
        "a": 8,
        "b": 12,
        "type": "standard",
      },
      {
        "a": 8,
        "b": 10,
        "type": "standard",
      },
      {
        "a": 1,
        "b": 4,
        "type": "standard",
      },
      {
        "a": 2,
        "b": 9,
        "type": "conditional",
      },
    ],
    "entrance": 1,
    "nodes": [
      {
        "number": 1,
        "roomId": 1,
        "x": 456,
        "y": 48,
      },
      {
        "number": 8,
        "roomId": 2,
        "x": 576,
        "y": 336,
      },
      {
        "number": 2,
        "roomId": 3,
        "x": 336,
        "y": 192,
      },
      {
        "number": 3,
        "roomId": 4,
        "x": 192,
        "y": 72,
      },
      {
        "number": 4,
        "roomId": 5,
        "x": 624,
        "y": 72,
      },
      {
        "number": 5,
        "roomId": 6,
        "x": 264,
        "y": 360,
      },
      {
        "number": 11,
        "roomId": 7,
        "x": 840,
        "y": 456,
      },
      {
        "number": 10,
        "roomId": 8,
        "x": 720,
        "y": 576,
      },
      {
        "number": 6,
        "roomId": 9,
        "x": 768,
        "y": 144,
      },
      {
        "number": 9,
        "roomId": 10,
        "x": 528,
        "y": 504,
      },
      {
        "number": 7,
        "roomId": 11,
        "x": 336,
        "y": 504,
      },
      {
        "number": 12,
        "roomId": 12,
        "x": 888,
        "y": 672,
      },
    ],
  },
  "rooms": [
    {
      "details": [
        {
          "id": "room.1.detail.0",
          "value": "Scorch marks, long gone cold",
        },
      ],
      "id": 1,
      "roll": {
        "columns": [
          "Room Type",
          "Clue",
        ],
        "left": {
          "id": "room.1.left",
          "value": "Cistern",
        },
        "right": {
          "id": "room.1.right",
          "value": "Leavings",
        },
      },
      "type": "Lore",
    },
    {
      "details": [
        {
          "id": "room.2.detail.0",
          "value": "Pale mushrooms clustered low on a wall",
        },
      ],
      "id": 2,
      "roll": {
        "columns": [
          "Room Type",
          "Clue",
        ],
        "left": {
          "id": "room.2.left",
          "value": "Shrine",
        },
        "right": {
          "id": "room.2.right",
          "value": "Noise",
        },
      },
      "type": "Lore",
    },
    {
      "details": [
        {
          "id": "room.3.detail.0",
          "value": "Water dripping steadily from above",
        },
      ],
      "id": 3,
      "roll": {
        "columns": [
          "Special",
          "Feature",
        ],
        "left": {
          "id": "room.3.left",
          "value": "Bridge",
        },
        "right": {
          "id": "room.3.right",
          "value": "Shifts",
        },
      },
      "type": "Special",
    },
    {
      "details": [
        {
          "id": "room.4.detail.0",
          "value": "A cracked, yellowed skull",
        },
      ],
      "id": 4,
      "monster": {
        "id": "room.4.monster",
        "value": "Bone Construct",
      },
      "occupantFaction": 0,
      "roll": {
        "columns": [
          "Group",
          "Activity",
        ],
        "left": {
          "id": "room.4.left",
          "value": "Construct",
        },
        "right": {
          "id": "room.4.right",
          "value": "Mating",
        },
      },
      "type": "Monster",
    },
    {
      "details": [
        {
          "id": "room.5.detail.0",
          "value": "Water dripping steadily from above",
        },
      ],
      "id": 5,
      "roll": {
        "columns": [
          "Room Type",
          "Clue",
        ],
        "left": {
          "id": "room.5.left",
          "value": "Cistern",
        },
        "right": {
          "id": "room.5.right",
          "value": "Draft",
        },
      },
      "type": "Lore",
    },
    {
      "details": [
        {
          "id": "room.6.detail.0",
          "value": "A crumbling section of floor",
        },
      ],
      "id": 6,
      "roll": {
        "columns": [
          "Special",
          "Feature",
        ],
        "left": {
          "id": "room.6.left",
          "value": "Flames",
        },
        "right": {
          "id": "room.6.right",
          "value": "Grows",
        },
      },
      "type": "Special",
    },
    {
      "details": [
        {
          "id": "room.7.detail.0",
          "value": "A broken shard of glass",
        },
      ],
      "id": 7,
      "roll": {
        "columns": [
          "Trap",
          "Trigger",
        ],
        "left": {
          "id": "room.7.left",
          "value": "Freezes",
        },
        "right": {
          "id": "room.7.right",
          "value": "Activating",
        },
      },
      "type": "Trap",
    },
    {
      "details": [
        {
          "id": "room.8.detail.0",
          "value": "A crude tally scratched into the stone",
        },
      ],
      "id": 8,
      "roll": {
        "columns": [
          "Room Type",
          "Clue",
        ],
        "left": {
          "id": "room.8.left",
          "value": "Stable",
        },
        "right": {
          "id": "room.8.right",
          "value": "Decay",
        },
      },
      "type": "Lore",
    },
    {
      "details": [
        {
          "id": "room.9.detail.0",
          "value": "A length of rotted rope",
        },
      ],
      "id": 9,
      "roll": {
        "columns": [
          "Trap",
          "Trigger",
        ],
        "left": {
          "id": "room.9.left",
          "value": "Cuts",
        },
        "right": {
          "id": "room.9.right",
          "value": "Pulling",
        },
      },
      "type": "Trap",
    },
    {
      "details": [
        {
          "id": "room.10.detail.0",
          "value": "A dead rat, half-rotted",
        },
      ],
      "id": 10,
      "monster": {
        "id": "room.10.monster",
        "value": "Ogre",
      },
      "occupantFaction": 1,
      "roll": {
        "columns": [
          "Group",
          "Activity",
        ],
        "left": {
          "id": "room.10.left",
          "value": "Goblinoid",
        },
        "right": {
          "id": "room.10.right",
          "value": "Killing",
        },
      },
      "type": "Monster",
    },
    {
      "details": [
        {
          "id": "room.11.detail.0",
          "value": "Mud tracked in a long smear",
        },
      ],
      "id": 11,
      "roll": {
        "columns": [
          "Trap",
          "Trigger",
        ],
        "left": {
          "id": "room.11.left",
          "value": "Confuses",
        },
        "right": {
          "id": "room.11.right",
          "value": "Entering",
        },
      },
      "type": "Trap",
    },
    {
      "details": [
        {
          "id": "room.12.detail.0",
          "value": "A scattering of small animal bones",
        },
      ],
      "id": 12,
      "monster": {
        "id": "room.12.monster",
        "value": "Gargoyle",
      },
      "occupantFaction": 0,
      "roll": {
        "columns": [
          "Group",
          "Activity",
        ],
        "left": {
          "id": "room.12.left",
          "value": "Construct",
        },
        "right": {
          "id": "room.12.right",
          "value": "Fighting",
        },
      },
      "type": "Monster",
    },
  ],
  "seed": "test-seed",
}
`;
