// Vitest Snapshot v1, https://vitest.dev/guide/snapshot.html

exports[`serializeMarkdown > matches the pinned snapshot 1`] = `
"# Dungeon: test-seed

## History

*Why was this dungeon built, how was it built, and what caused its downfall?*

- **Purpose** — Original Use: Hideout; Built By: A Secret Society
- **Construction** — Entrance: An Enormous Grave; Composition: Obsidian
- **Ruination** — Condition: Devoured; Cause: Cataclysmic Flood

## Denizens

*What do we know about the creatures and factions that occupy the dungeon?*

- **General attitude** — Virtues: Studious; Vices: Sarcastic
- **Standout NPC** — Virtues: Incisive; Vices: Impulsive

## Factions

*What is each faction trying to achieve, and what stands in their way?*

- **Faction 1** — Goal: Redemption; Obstacle: Sacrifice
- **Faction 2** — Goal: Wealth; Obstacle: Incompetence

## Rooms

### 1. Trap (Entrance)

- Trap: Confuses
- Trigger: Entering
- Connections: 2 (standard), 3 (standard), 4 (standard)

### 2. Special

- Special: Flames
- Feature: Grows
- Connections: 1 (standard), 5 (standard)

### 3. Lore

- Room Type: Stable
- Clue: Decay
- Connections: 1 (standard), 6 (conditional), 7 (standard)

### 4. Monster

- Group: Magical
- Activity: Fighting
- Connections: 1 (standard), 5 (standard)

### 5. Trap

- Trap: Freezes
- Trigger: Activating
- Connections: 2 (standard), 4 (standard), 8 (standard)

### 6. Lore

- Room Type: Shrine
- Clue: Noise
- Connections: 3 (conditional), 8 (standard)

### 7. Monster

- Group: Fey
- Activity: Mating
- Connections: 3 (standard), 9 (conditional)

### 8. Trap

- Trap: Cuts
- Trigger: Pulling
- Connections: 5 (standard), 6 (standard), 10 (standard)

### 9. Lore

- Room Type: Cistern
- Clue: Leavings
- Connections: 7 (conditional), 11 (hidden)

### 10. Monster

- Group: Construct
- Activity: Killing
- Connections: 8 (standard), 12 (standard)

### 11. Special

- Special: Bridge
- Feature: Shifts
- Connections: 9 (hidden), 12 (standard)

### 12. Lore

- Room Type: Cistern
- Clue: Draft
- Connections: 10 (standard), 11 (standard)
"
`;
